[backblue.gif]
[fade.gif]
[index.html]
[innovationplans.com/idesign/buka/img/favicon.ico]
[innovationplans.com/idesign/buka/img/logo-light.png]
[innovationplans.com/idesign/buka/img/hero.jpg]
[innovationplans.com/idesign/buka/img/1.jpg]
[innovationplans.com/idesign/buka/img/portfolio/1.jpg]
[innovationplans.com/idesign/buka/img/portfolio/2.jpg]
[innovationplans.com/idesign/buka/img/portfolio/3.jpg]
[innovationplans.com/idesign/buka/img/portfolio/4.jpg]
[innovationplans.com/idesign/buka/img/portfolio/5.jpg]
[innovationplans.com/idesign/buka/img/portfolio/6.jpg]
[innovationplans.com/idesign/buka/img/2.jpg]
[innovationplans.com/idesign/buka/img/blog/1.jpg]
[innovationplans.com/idesign/buka/img/blog/2.jpg]
[innovationplans.com/idesign/buka/img/blog/3.jpg]
[innovationplans.com/idesign/buka/img/3.jpg]
[innovationplans.com/idesign/buka/main.html]
[fonts.googleapis.com/css6043.css]
[innovationplans.com/idesign/buka/css/plugins.css]
[innovationplans.com/idesign/buka/img/dots.png]
[innovationplans.com/idesign/buka/css/style.css]
[innovationplans.com/idesign/buka/js/jquery-3.0.0.min.js]
[innovationplans.com/idesign/buka/js/jquery-migrate-3.0.0.min.js]
[innovationplans.com/idesign/buka/js/popper.min.js]
[innovationplans.com/idesign/buka/js/bootstrap.min.js]
[innovationplans.com/idesign/buka/js/animated.headline.js]
[innovationplans.com/idesign/buka/js/scrollIt.min.js]
[innovationplans.com/idesign/buka/js/jquery.waypoints.min.js]
[innovationplans.com/idesign/buka/js/jquery.counterup.min.js]
[innovationplans.com/idesign/buka/js/owl.carousel.min.js]
[innovationplans.com/idesign/buka/js/jquery.magnific-popup.min.js]
[innovationplans.com/idesign/buka/js/jquery.stellar.min.js]
[innovationplans.com/idesign/buka/js/isotope.pkgd.min.js]
[innovationplans.com/idesign/buka/js/validator.js]
[innovationplans.com/idesign/buka/img/logo-dark.png]
[innovationplans.com/idesign/buka/js/scripts.js]
[innovationplans.com/idesign/buka/css/plugins/bootstrap.min.css]
[innovationplans.com/idesign/buka/css/plugins/themify-icons.css]
[innovationplans.com/idesign/buka/css/plugins/fontawesome-all.min.css]
[innovationplans.com/idesign/buka/css/plugins/magnific-popup.css]
[innovationplans.com/idesign/buka/css/plugins/animate.min.css]
[innovationplans.com/idesign/buka/css/plugins/owl.carousel.min.css]
[innovationplans.com/idesign/buka/css/plugins/owl.theme.default.min.css]
[innovationplans.com/idesign/buka/css/plugins/helper.css]
[innovationplans.com/idesign/buka/img/wave.svg]
[www.innovationplans.com/idesign/buka/popper.html]
[innovationplans.com/idesign/buka/fonts/themify9f24.html]
[innovationplans.com/idesign/buka/fonts/themifyd41d.html]
[innovationplans.com/idesign/buka/fonts/themify9f24-2.html]
[innovationplans.com/idesign/buka/fonts/themify9f24-3.html]
[www.innovationplans.com/idesign/buka/fonts/themify9f24.html]
[innovationplans.com/idesign/buka/fonts/fa-brands-400.html]
[innovationplans.com/idesign/buka/fonts/fa-brands-400d41d.html]
[innovationplans.com/idesign/buka/fonts/fa-brands-401.html]
[innovationplans.com/idesign/buka/fonts/fa-brands-402.html]
[innovationplans.com/idesign/buka/fonts/fa-brands-403.html]
[www.innovationplans.com/idesign/buka/fonts/fa-brands-400.html]
[innovationplans.com/idesign/buka/fonts/fa-regular-400.html]
[innovationplans.com/idesign/buka/fonts/fa-regular-400d41d.html]
[innovationplans.com/idesign/buka/fonts/fa-regular-401.html]
[innovationplans.com/idesign/buka/fonts/fa-regular-402.html]
[innovationplans.com/idesign/buka/fonts/fa-regular-403.html]
[www.innovationplans.com/idesign/buka/fonts/fa-regular-400.html]
[innovationplans.com/idesign/buka/fonts/fa-solid-900.html]
[innovationplans.com/idesign/buka/fonts/fa-solid-900d41d.html]
[innovationplans.com/idesign/buka/fonts/fa-solid-901.html]
[innovationplans.com/idesign/buka/fonts/fa-solid-902.html]
[innovationplans.com/idesign/buka/fonts/fa-solid-903.html]
[www.innovationplans.com/idesign/buka/fonts/fa-solid-900.html]
[www.innovationplans.com/idesign/buka/css/plugins/owl.video.play.html]
[innovationplans.com/idesign/buka/contact.html]
