[preview.themeforest.net/item/vbook-creative-vcard-resume-portfolio-template/full_screen_preview/39015917c8f0.html]
[public-assets.envato-static.com/assets/generated_sprites/logos-6f8a015ab6d9602102f6c4dde38bf1a128f2647f20b76023c4793c2d3d86e57c.png]
[backblue.gif]
[fade.gif]
[index.html]
[public-assets.envato-static.com/assets/generated_sprites/common-14f8bc60470b39265fe5c01e92035209bd04b91cd7da99d59ca3ccd9de5eac62.png]
[preview.themeforest.net/item/vbook-creative-vcard-resume-portfolio-template/full_screen_preview/39015917c8f0.html]
[s3.envato.com/index.html]
[preview.themeforest.net/item/vbook-creative-vcard-resume-portfolio-template/full_screen_preview/&quot;https_/themeforest.net/user/kwst&quot;&gt;&lt;img.html]
[preview.themeforest.net/item/vbook-creative-vcard-resume-portfolio-template/full_screen_preview/&quot;http_/cas...html]
[preview.themeforest.net/item/vbook-creative-vcard-resume-portfolio-template/full_screen_preview/&quot;https_/themeforest.net/user/kwst&quot;&gt;&lt;img.html]
